 < Error, mian >
 < Error, a >
 < Error, ; >
 < Error, cin >
 < Error, a >
